// Jest Snapshot v1, https://goo.gl/fbAQLP

exports[`Testing sidebar should show correctly 1`] = `
<aside
  className="journal__sidebar animate__animated animate__fadeIn"
>
  <div
    className="journal__sidebar-navbar"
  >
    <h3>
      <i
        className="fa fa-moon"
      />
      <span>
        Ed
      </span>
    </h3>
    <button
      className="btn"
      onClick={[Function]}
    >
      Logout
    </button>
  </div>
  <div
    className="journal__new-entry"
    onClick={[Function]}
  >
    <i
      className="fa fa-calendar-plus fa-5x"
    />
    <p
      className="mt-5"
    >
      New entry
    </p>
  </div>
  <div
    className="journal__entries animate__animated animate__fadeIn"
  />
</aside>
`;
